
> medusa-additional-info-products@0.0.1 build C:\Users\isai_\Documents\mariquitaweb\packages\medusa\medusa-additional-info-products
> medusa plugin:build

[32minfo[39m:    Starting build...
[32minfo[39m:    Compiling plugin source...
[32minfo[39m:    Removing existing ".medusa\server" folder
[32minfo[39m:    Compiling plugin admin extensions...
src/api/admin/additional-info/validators.ts:1:19 - error TS2307: Cannot find module 'zod' or its corresponding type declarations.

1 import { z } from "zod"
                    ~~~~~
src/api/middlewares.ts:3:19 - error TS2307: Cannot find module 'zod' or its corresponding type declarations.

3 import { z } from "zod"
                    ~~~~~
src/ops/validate.ts:67:28 - error TS18046: 'childIds' is of type 'unknown'.

67         const duplicates = childIds.filter((id, idx) => childIds.indexOf(id) !== idx)
                              ~~~~~~~~
src/ops/validate.ts:67:57 - error TS18046: 'childIds' is of type 'unknown'.

67         const duplicates = childIds.filter((id, idx) => childIds.indexOf(id) !== idx)
                                                           ~~~~~~~~
src/ops/validate.ts:71:31 - error TS18046: 'childIds' is of type 'unknown'.

71         for (const childId of childIds) {
                                 ~~~~~~~~
src/schema/blocks.v1.ts:1:19 - error TS2307: Cannot find module 'zod' or its corresponding type declarations.

1 import { z } from "zod"
                    ~~~~~
src/schema/diff.v1.ts:1:19 - error TS2307: Cannot find module 'zod' or its corresponding type declarations.

1 import { z } from "zod"
                    ~~~~~
src/schema/tree.v1.ts:1:19 - error TS2307: Cannot find module 'zod' or its corresponding type declarations.

1 import { z } from "zod"
                    ~~~~~

[33mwarn[39m:    Plugin build completed with errors (5.30s)
[31merror[39m:   Plugin admin extensions build failed
[31merror[39m:   [31m[vite]: Rollup failed to resolve import "zod" from "C:/Users/isai_/Documents/mariquitaweb/packages/medusa/medusa-additional-info-products/src/admin/routes/additional-info-templates/page.tsx".
This is most likely unintended because it can break your application at runtime.
If you do want to externalize this module explicitly add it to
`build.rollupOptions.external`[39m
[vite]: Rollup failed to resolve import "zod" from "C:/Users/isai_/Documents/mariquitaweb/packages/medusa/medusa-additional-info-products/src/admin/routes/additional-info-templates/page.tsx".
This is most likely unintended because it can break your application at runtime.
If you do want to externalize this module explicitly add it to
`build.rollupOptions.external`
    at viteWarn (file:///C:/Users/isai_/Documents/mariquitaweb/node_modules/.pnpm/vite@5.4.21_@types+node@20.19.30_lightningcss@1.30.2_terser@5.44.1/node_modules/vite/dist/node/chunks/dep-BK3b2jBa.js:65855:17)
    at onwarn (file:///C:/Users/isai_/Documents/mariquitaweb/node_modules/.pnpm/@vitejs+plugin-react@4.7.0_vite@5.4.21_@types+node@20.19.30_lightningcss@1.30.2_terser@5.44.1_/node_modules/@vitejs/plugin-react/dist/index.js:90:7)
    at onRollupWarning (file:///C:/Users/isai_/Documents/mariquitaweb/node_modules/.pnpm/vite@5.4.21_@types+node@20.19.30_lightningcss@1.30.2_terser@5.44.1/node_modules/vite/dist/node/chunks/dep-BK3b2jBa.js:65885:5)
    at onwarn (file:///C:/Users/isai_/Documents/mariquitaweb/node_modules/.pnpm/vite@5.4.21_@types+node@20.19.30_lightningcss@1.30.2_terser@5.44.1/node_modules/vite/dist/node/chunks/dep-BK3b2jBa.js:65550:7)
    at file:///C:/Users/isai_/Documents/mariquitaweb/node_modules/.pnpm/rollup@4.53.4/node_modules/rollup/dist/es/shared/node-entry.js:21013:13
    at Object.logger [as onLog] (file:///C:/Users/isai_/Documents/mariquitaweb/node_modules/.pnpm/rollup@4.53.4/node_modules/rollup/dist/es/shared/node-entry.js:22886:9)
    at ModuleLoader.handleInvalidResolvedId (file:///C:/Users/isai_/Documents/mariquitaweb/node_modules/.pnpm/rollup@4.53.4/node_modules/rollup/dist/es/shared/node-entry.js:21630:26)
    at file:///C:/Users/isai_/Documents/mariquitaweb/node_modules/.pnpm/rollup@4.53.4/node_modules/rollup/dist/es/shared/node-entry.js:21588:26 {
  watchFiles: [
    'C:/Users/isai_/Documents/mariquitaweb/packages/medusa/medusa-additional-info-products/src/admin/__admin-extensions__.js',
    'C:\\Users\\isai_\\Documents\\mariquitaweb\\packages\\medusa\\medusa-additional-info-products\\package.json',
    'C:/Users/isai_/Documents/mariquitaweb/packages/medusa/medusa-additional-info-products/src/admin/widgets/product.additional-info.tsx',
    'C:/Users/isai_/Documents/mariquitaweb/packages/medusa/medusa-additional-info-products/src/admin/i18n/index.ts',
    'C:/Users/isai_/Documents/mariquitaweb/packages/medusa/medusa-additional-info-products/src/admin/widgets/variant.additional-info.tsx',
    'C:/Users/isai_/Documents/mariquitaweb/packages/medusa/medusa-additional-info-products/src/admin/routes/additional-info-templates/page.tsx',
    'C:/Users/isai_/Documents/mariquitaweb/node_modules/.pnpm/@medusajs+admin-shared@2.12.5/node_modules/@medusajs/admin-shared/dist/index.mjs'
  ]
}
 ELIFECYCLE  Command failed with exit code 1.
